// Jest Snapshot v1, https://goo.gl/fbAQLP

exports[`scoped css should have a stable html snapshot 1`] = `
"
<html>
<body>
  
  <div data-abell-VWBvf>This is a test component for testing scoped css.123</div>

  
  <div>This is a test component for testing global css.</div>

</body>
</html>"
`;
