// Jest Snapshot v1, https://goo.gl/fbAQLP

exports[`examples/with-components about.html should have inlined CSS in the about page 1`] = `"nav[data-abell-1]{background-color:#000;color:#fff;}"`;

exports[`examples/with-components index.html should have inlined CSS in the index page 1`] = `"nav[data-abell-1]{background-color:#000;color:#fff;}"`;

exports[`examples/with-components index.html should render html from <Nav/> 1`] = `
"
    <div data-test=\\"brand-component\\" class=\\"brand\\" data-abell-fmljlv data-abell-iycgar>This is brand component</div>
    This is nav component <span data-test=\\"nav-component-prop\\" data-abell-iycgar>3</span>
  "
`;

exports[`examples/with-components my-first-blog/index.html should have inlined CSS in the blog page 1`] = `"nav[data-abell-1]{background-color:#000;color:#fff;}"`;
